// userEvent.setup() (used in renderHeader) installs a clipboard stub of its
// own, so capture the spy BEFORE the per-test user object is created and
// attach it via defineProperty (configurable) so it survives any later
// navigator reassignments.
const clipboardWriteTextSpy = vi.fn().mockResolvedValue(undefined);

Object.defineProperty(navigator, "clipboard", {
  configurable: true,
  value: {
    writeText: clipboardWriteTextSpy,
  },
});expect(clipboardWriteTextSpy).toHaveBeenCalledWith("GABC123DEF456");render(<LeaderboardTable data={[]} isLoading={false} />);

await waitFor(() => {
  expect(screen.getByText(/No results for these filters/i)).toBeInTheDocument();
});await waitFor(() => {
  expect(screen.getByText(/No results for these filters/i)).toBeInTheDocument();
});